
# log started 2024-07-02T12:57:43-04:00


# log started 2024-07-04T12:46:52-04:00


# log started 2024-07-04T12:56:20-04:00


# log started 2024-07-04T13:09:14-04:00


# log started 2024-07-04T13:16:24-04:00


# log started 2024-07-04T16:46:59-04:00


# log started 2024-07-04T17:11:54-04:00


# log started 2024-07-17T14:58:25-04:00


# log started 2024-07-19T16:42:38-04:00


# log started 2024-07-19T16:45:08-04:00


# log started 2024-07-22T16:12:06-04:00


# log started 2024-07-22T16:14:32-04:00


# log started 2024-07-22T17:07:37-04:00


# log started 2024-07-22T17:24:19-04:00


# log started 2024-07-23T14:24:55-04:00


# log started 2024-07-23T16:49:25-04:00


# log started 2024-07-23T16:54:15-04:00


# log started 2024-07-23T16:56:43-04:00


# log started 2024-07-23T17:00:00-04:00


# log started 2024-07-23T17:01:58-04:00


# log started 2024-07-23T17:05:01-04:00


# log started 2024-07-23T17:09:53-04:00


# log started 2024-07-24T11:29:24-04:00


# log started 2024-07-24T12:12:30-04:00


# log started 2024-07-24T12:17:10-04:00


# log started 2024-07-24T12:18:04-04:00


# log started 2024-07-24T12:28:24-04:00


# log started 2024-07-24T12:52:27-04:00

2024-07-24T12:52:43-04:00  DENY    c:2024072400001
   127.0.0.1 -> fc00:3001:abd5::3836
   TCP/0->31338  "no match"
   requestor 127.0.0.1


# log started 2024-07-24T12:55:46-04:00

2024-07-24T12:56:00-04:00  PERMIT  c:2024072400001  id:8
   fc00:3001:abd5::3836 -> 127.0.0.1
   TCP/0->5002 exp 2024-07-24T13:42:46-04:00 (46m46.305363373s) [..D...JB]
   requestor fc00:3001:abd5::3836

2024-07-24T12:56:00-04:00  DENY    c:2024072400001
   127.0.0.1 -> fc00:3001:abd5::3836
   TCP/0->31338  "no match"
   requestor 127.0.0.1


# log started 2024-07-24T12:58:28-04:00

2024-07-24T12:58:38-04:00  PERMIT  c:2024072400001  id:8
   fc00:3001:abd5::3836 -> 127.0.0.1
   TCP/0->5002 exp 2024-07-24T14:01:28-04:00 (1h2m49.913198425s) [..D...JB]
   requestor fc00:3001:abd5::3836

2024-07-24T12:58:38-04:00  DENY    c:2024072400001
   127.0.0.1 -> fc00:3001:abd5::3836
   TCP/1025->31338  "no match"
   requestor 127.0.0.1


# log started 2024-07-24T15:50:53-04:00

2024-07-24T15:50:58-04:00  PERMIT  c:2024072400001  id:8
   fc00:3001:abd5::3836 -> 127.0.0.1
   TCP/0->5002 exp 2024-07-24T16:55:53-04:00 (1h4m54.449026312s) [..D...JB]
   requestor fc00:3001:abd5::3836

2024-07-24T15:50:58-04:00  DENY    c:2024072400001
   127.0.0.1 -> fc00:3001:abd5::3836
   TCP/1025->31338  "no match"
   requestor 127.0.0.1

2024-07-24T16:00:28-04:00  PERMIT  c:2024072400001  id:9
   fc00:3001:abd5::3836 -> 127.0.0.1
   TCP/0->5002 exp 2024-07-24T16:31:53-04:00 (31m25.038381113s) [..D...JB]
   requestor fc00:3001:abd5::3836

2024-07-24T16:00:28-04:00  DENY    c:2024072400001
   127.0.0.1 -> fc00:3001:abd5::3836
   TCP/1025->31338  "no match"
   requestor 127.0.0.1


# log started 2024-07-24T16:03:37-04:00

2024-07-24T16:03:44-04:00  PERMIT  c:2024072400001  id:8
   fc00:3001:abd5::3836 -> 127.0.0.1
   TCP/0->5002 exp 2024-07-24T16:50:37-04:00 (46m53.643022256s) [..D...JB]
   requestor fc00:3001:abd5::3836

2024-07-24T16:03:44-04:00  DENY    c:2024072400001
   127.0.0.1 -> fc00:3001:abd5::3836
   TCP/1025->31338  "no match"
   requestor 127.0.0.1


# log started 2024-07-24T16:04:05-04:00


# log started 2024-07-24T16:12:50-04:00

2024-07-24T16:12:59-04:00  PERMIT  c:2024072400001  id:8
   fc00:3001:abd5::3836 -> 127.0.0.1
   TCP/0->5002 exp 2024-07-24T17:12:50-04:00 (59m51.436147809s) [..D...JB]
   requestor fc00:3001:abd5::3836

2024-07-24T16:12:59-04:00  DENY    c:2024072400001
   127.0.0.1 -> fc00:3001:abd5::3836
   TCP/1025->31338  "no match"
   requestor 127.0.0.1


# log started 2024-07-24T16:13:53-04:00

2024-07-24T16:13:57-04:00  PERMIT  c:2024072400001  id:8
   fc00:3001:abd5::3836 -> 127.0.0.1
   TCP/0->5002 exp 2024-07-24T17:03:53-04:00 (49m56.169917584s) [..D...JB]
   requestor fc00:3001:abd5::3836

2024-07-24T16:13:57-04:00  DENY    c:2024072400001
   127.0.0.1 -> fc00:3001:abd5::3836
   TCP/1025->31338  "no match"
   requestor 127.0.0.1


# log started 2024-09-04T10:49:01-04:00


# log started 2024-09-04T11:10:44-04:00


# log started 2024-09-04T11:25:51-04:00

2024-09-04T11:26:19-04:00  DENY    c:2024090400001
   fc00:3001::1 -> fc00:3001::1
   TCP/19193->5001  "no match"
   requestor fc00:3003::8


# log started 2024-09-13T17:28:45-04:00

2024-09-13T17:30:25-04:00  DENY    c:2024091300001
   fc00:3001::1 -> fc00:3001::1
   TCP/19409->5001  "no match"
   requestor fc00:3003::8

2024-09-13T17:31:45-04:00  DENY    c:2024091300001
   fc00:3001::1 -> fc00:3001::1
   TCP/40703->80  "no match"
   requestor fc00:3003::8


# log started 2024-10-02T10:54:25-04:00

2024-10-02T10:54:56-04:00  PERMIT  c:2024100200001  id:8
   fc00:3001:abd5::3836 -> 127.0.0.1
   TCP/0->5002 exp 2024-10-02T11:56:25-04:00 (1h1m29.109140016s) [..D...JB]
   requestor fc00:3001:abd5::3836

2024-10-02T10:54:56-04:00  DENY    c:2024100200001
   127.0.0.1 -> fc00:3001:abd5::3836
   TCP/0->31338  "no match"
   requestor 127.0.0.1

2024-10-02T10:55:10-04:00  PERMIT  c:2024100200001  id:9
   fc00:3001:abd5::3836 -> 127.0.0.1
   TCP/0->5002 exp 2024-10-02T11:34:25-04:00 (39m14.978501117s) [..D...JB]
   requestor fc00:3001:abd5::3836

2024-10-02T10:55:10-04:00  DENY    c:2024100200001
   127.0.0.1 -> fc00:3001:abd5::3836
   TCP/0->31338  "no match"
   requestor 127.0.0.1


# log started 2024-10-02T10:56:17-04:00

2024-10-02T10:56:34-04:00  PERMIT  c:2024100200001  id:8
   fc00:3001:abd5::3836 -> 127.0.0.1
   TCP/0->5002 exp 2024-10-02T11:54:17-04:00 (57m42.548625646s) [..D...JB]
   requestor fc00:3001:abd5::3836

2024-10-02T10:56:34-04:00  DENY    c:2024100200001
   127.0.0.1 -> fc00:3001:abd5::3836
   TCP/0->31338  "no match"
   requestor 127.0.0.1

2024-10-02T10:56:47-04:00  PERMIT  c:2024100200001  id:9
   fc00:3001:abd5::3836 -> 127.0.0.1
   TCP/0->5002 exp 2024-10-02T11:53:17-04:00 (56m29.986757204s) [..D...JB]
   requestor fc00:3001:abd5::3836

2024-10-02T10:56:47-04:00  DENY    c:2024100200001
   127.0.0.1 -> fc00:3001:abd5::3836
   TCP/0->31338  "no match"
   requestor 127.0.0.1


# log started 2024-10-02T11:07:12-04:00

2024-10-02T11:07:28-04:00  PERMIT  c:2024100200001  id:8
   fc00:3001:abd5::3836 -> 127.0.0.1
   TCP/0->5002 exp 2024-10-02T11:55:12-04:00 (47m44.354024866s) [..D...JB]
   requestor fc00:3001:abd5::3836

2024-10-02T11:07:28-04:00  DENY    c:2024100200001
   127.0.0.1 -> fc00:3001:abd5::3836
   TCP/0->31338  "no match"
   requestor 127.0.0.1


# log started 2024-10-02T12:44:12-04:00

2024-10-02T12:44:32-04:00  PERMIT  c:2024100200001  id:8
   fc00:3001:abd5::3836 -> 127.0.0.1
   TCP/0->5002 exp 2024-10-02T13:47:12-04:00 (1h2m40.726383353s) [..D...JB]
   requestor fc00:3001:abd5::3836

2024-10-02T12:44:32-04:00  DENY    c:2024100200001
   127.0.0.1 -> fc00:3001:abd5::3836
   TCP/0->31338  "no match"
   requestor 127.0.0.1


# log started 2024-10-02T12:45:28-04:00

2024-10-02T12:45:40-04:00  PERMIT  c:2024100200001  id:8
   fc00:3001:abd5::3836 -> 127.0.0.1
   TCP/0->5002 exp 2024-10-02T13:36:28-04:00 (50m48.630382064s) [..D...JB]
   requestor fc00:3001:abd5::3836

2024-10-02T12:45:40-04:00  DENY    c:2024100200001
   127.0.0.1 -> fc00:3001:abd5::3836
   TCP/0->31338  "no match"
   requestor 127.0.0.1

2024-10-02T12:45:43-04:00  PERMIT  c:2024100200001  id:9
   fc00:3001:abd5::3836 -> 127.0.0.1
   TCP/0->5002 exp 2024-10-02T13:38:28-04:00 (52m44.982003716s) [..D...JB]
   requestor fc00:3001:abd5::3836

2024-10-02T12:45:43-04:00  DENY    c:2024100200001
   127.0.0.1 -> fc00:3001:abd5::3836
   TCP/0->31338  "no match"
   requestor 127.0.0.1


# log started 2024-10-02T12:46:45-04:00

2024-10-02T12:46:52-04:00  PERMIT  c:2024100200001  id:8
   fc00:3001:abd5::3836 -> 127.0.0.1
   TCP/0->5002 exp 2024-10-02T13:23:45-04:00 (36m53.188265349s) [..D...JB]
   requestor fc00:3001:abd5::3836

2024-10-02T12:46:52-04:00  DENY    c:2024100200001
   127.0.0.1 -> fc00:3001:abd5::3836
   TCP/0->31338  "no match"
   requestor 127.0.0.1

2024-10-02T12:47:00-04:00  PERMIT  c:2024100200001  id:9
   fc00:3001:abd5::3836 -> 127.0.0.1
   TCP/0->5002 exp 2024-10-02T13:38:45-04:00 (51m44.997930393s) [..D...JB]
   requestor fc00:3001:abd5::3836

2024-10-02T12:47:00-04:00  DENY    c:2024100200001
   127.0.0.1 -> fc00:3001:abd5::3836
   TCP/0->31338  "no match"
   requestor 127.0.0.1


# log started 2024-10-02T12:48:16-04:00

2024-10-02T12:48:21-04:00  PERMIT  c:2024100200001  id:8
   fc00:3001:abd5::3836 -> 127.0.0.1
   TCP/0->5002 exp 2024-10-02T13:36:16-04:00 (47m55.413921666s) [..D...JB]
   requestor fc00:3001:abd5::3836

2024-10-02T12:48:21-04:00  DENY    c:2024100200001
   127.0.0.1 -> fc00:3001:abd5::3836
   TCP/0->31338  "no match"
   requestor 127.0.0.1


# log started 2024-11-21T15:36:32-05:00


# log started 2024-11-25T15:47:06-05:00


# log started 2025-01-24T15:55:30-05:00


# log started 2025-01-24T15:55:53-05:00


# log started 2025-01-29T10:07:32-05:00

2025-01-29T10:08:33-05:00  PERMIT  c:2025012900001  id:8
   fd5a:5052:1::3 -> fd5a:5052:1::8080
   TCP/50319->80 exp 2025-01-29T22:06:33-05:00 (11h57m59.999450091s) [..DP..JB]
   requestor fd5a:5052:1::3

2025-01-29T10:08:33-05:00  DENY    c:2025012900001
   fd5a:5052:1::3 -> fd5a:5052:1::8080
   TCP/2272->45729  "no match"
   requestor fd5a:5052:1::3


# log started 2025-01-29T10:09:48-05:00


# log started 2025-01-29T10:31:25-05:00

2025-01-29T10:31:48-05:00  PERMIT  c:2025012900001  id:8
   fd5a:5052:90de::1 -> 127.0.0.1
   TCP/0->5002 exp 2025-01-29T22:17:48-05:00 (11h45m59.999139806s) [..DP..JB]
   requestor fd5a:5052:90de::1

2025-01-29T10:31:48-05:00  DENY    c:2025012900001
   127.0.0.1 -> fd5a:5052:90de::1
   TCP/0->8183  "no match"
   requestor 127.0.0.1


# log started 2025-01-29T10:32:11-05:00

2025-01-29T10:32:17-05:00  PERMIT  c:2025012900001  id:8
   fd5a:5052:90de::1 -> 127.0.0.1
   TCP/0->5002 exp 2025-01-29T22:29:17-05:00 (11h56m59.99943283s) [..DP..JB]
   requestor fd5a:5052:90de::1

2025-01-29T10:32:17-05:00  DENY    c:2025012900001
   127.0.0.1 -> fd5a:5052:90de::1
   TCP/0->8183  "no match"
   requestor 127.0.0.1

2025-01-29T10:32:23-05:00  PERMIT  c:2025012900001  id:9
   fd5a:5052:1::3 -> fd5a:5052:1::8080
   TCP/55210->80 exp 2025-01-29T22:18:23-05:00 (11h45m59.999751879s) [..DP..JB]
   requestor fd5a:5052:1::3

2025-01-29T10:32:23-05:00  DENY    c:2025012900001
   fd5a:5052:1::3 -> fd5a:5052:1::8080
   TCP/32493->56645  "no match"
   requestor fd5a:5052:1::3

2025-01-29T10:32:25-05:00  PERMIT  c:2025012900001  id:10
   fd5a:5052:90de::1 -> 127.0.0.1
   TCP/0->5002 exp 2025-01-29T22:22:25-05:00 (11h49m59.999810732s) [..DP..JB]
   requestor fd5a:5052:90de::1

2025-01-29T10:32:25-05:00  DENY    c:2025012900001
   127.0.0.1 -> fd5a:5052:90de::1
   TCP/0->8183  "no match"
   requestor 127.0.0.1

